[2026-02-24 01:34:47 UTC] ✅ Daily check-in — Tuesday
[2026-02-24 13:21:56 UTC] ✅ Daily check-in — Tuesday
[2026-02-25 13:21:15 UTC] ✅ Daily check-in — Wednesday
[2026-02-26 13:22:30 UTC] ✅ Daily check-in — Thursday
[2026-02-27 13:13:25 UTC] ✅ Daily check-in — Friday
[2026-02-28 12:59:17 UTC] ✅ Daily check-in — Saturday
[2026-03-01 13:02:40 UTC] ✅ Daily check-in — Sunday
[2026-03-02 03:12:59 UTC] ✅ Daily check-in — Monday
[2026-03-02 13:14:22 UTC] ✅ Daily check-in — Monday
[2026-03-03 13:12:48 UTC] ✅ Daily check-in — Tuesday
[2026-03-04 13:11:42 UTC] ✅ Daily check-in — Wednesday
[2026-03-05 13:15:34 UTC] ✅ Daily check-in — Thursday
[2026-03-06 13:11:08 UTC] ✅ Daily check-in — Friday
[2026-03-07 13:00:57 UTC] ✅ Daily check-in — Saturday
[2026-03-08 13:02:41 UTC] ✅ Daily check-in — Sunday
[2026-03-09 13:19:28 UTC] ✅ Daily check-in — Monday
[2026-03-10 13:17:01 UTC] ✅ Daily check-in — Tuesday
[2026-03-11 13:16:23 UTC] ✅ Daily check-in — Wednesday
[2026-03-12 13:16:32 UTC] ✅ Daily check-in — Thursday
[2026-03-13 13:14:36 UTC] ✅ Daily check-in — Friday
[2026-03-14 13:07:03 UTC] ✅ Daily check-in — Saturday
[2026-03-15 13:07:26 UTC] ✅ Daily check-in — Sunday
[2026-03-16 13:41:45 UTC] ✅ Daily check-in — Monday
[2026-03-17 13:26:28 UTC] ✅ Daily check-in — Tuesday
[2026-03-18 13:41:03 UTC] ✅ Daily check-in — Wednesday
[2026-03-19 13:21:13 UTC] ✅ Daily check-in — Thursday
[2026-03-20 13:14:22 UTC] ✅ Daily check-in — Friday
[2026-03-21 13:03:40 UTC] ✅ Daily check-in — Saturday
[2026-03-22 13:05:57 UTC] ✅ Daily check-in — Sunday
[2026-03-23 13:23:11 UTC] ✅ Daily check-in — Monday
[2026-03-24 13:27:12 UTC] ✅ Daily check-in — Tuesday
[2026-03-25 13:25:57 UTC] ✅ Daily check-in — Wednesday
[2026-03-26 13:43:29 UTC] ✅ Daily check-in — Thursday
[2026-03-27 13:21:06 UTC] ✅ Daily check-in — Friday
[2026-03-28 13:09:30 UTC] ✅ Daily check-in — Saturday
[2026-03-29 13:10:24 UTC] ✅ Daily check-in — Sunday
[2026-03-30 13:49:06 UTC] ✅ Daily check-in — Monday
[2026-03-31 13:48:43 UTC] ✅ Daily check-in — Tuesday
[2026-04-01 13:51:46 UTC] ✅ Daily check-in — Wednesday
[2026-04-02 13:41:55 UTC] ✅ Daily check-in — Thursday
[2026-04-03 13:18:25 UTC] ✅ Daily check-in — Friday
[2026-04-04 13:10:15 UTC] ✅ Daily check-in — Saturday
[2026-04-05 13:12:14 UTC] ✅ Daily check-in — Sunday
[2026-04-06 13:24:26 UTC] ✅ Daily check-in — Monday
[2026-04-07 13:45:24 UTC] ✅ Daily check-in — Tuesday
[2026-04-08 13:47:56 UTC] ✅ Daily check-in — Wednesday
[2026-04-09 13:58:57 UTC] ✅ Daily check-in — Thursday
[2026-04-10 13:25:31 UTC] ✅ Daily check-in — Friday
[2026-04-11 13:13:09 UTC] ✅ Daily check-in — Saturday
[2026-04-12 13:15:17 UTC] ✅ Daily check-in — Sunday
[2026-04-13 13:56:04 UTC] ✅ Daily check-in — Monday
[2026-04-14 14:00:09 UTC] ✅ Daily check-in — Tuesday
[2026-04-15 13:53:29 UTC] ✅ Daily check-in — Wednesday
[2026-04-16 14:02:44 UTC] ✅ Daily check-in — Thursday
[2026-04-17 13:45:49 UTC] ✅ Daily check-in — Friday
[2026-04-18 13:15:51 UTC] ✅ Daily check-in — Saturday
[2026-04-19 13:16:04 UTC] ✅ Daily check-in — Sunday
[2026-04-20 13:58:42 UTC] ✅ Daily check-in — Monday
[2026-04-21 13:58:21 UTC] ✅ Daily check-in — Tuesday
[2026-04-22 13:58:57 UTC] ✅ Daily check-in — Wednesday
[2026-04-23 14:00:35 UTC] ✅ Daily check-in — Thursday
[2026-04-24 13:52:54 UTC] ✅ Daily check-in — Friday
[2026-04-25 13:19:16 UTC] ✅ Daily check-in — Saturday
[2026-04-26 13:20:06 UTC] ✅ Daily check-in — Sunday
[2026-04-27 14:11:04 UTC] ✅ Daily check-in — Monday
[2026-04-28 14:29:35 UTC] ✅ Daily check-in — Tuesday
[2026-04-29 14:16:52 UTC] ✅ Daily check-in — Wednesday
[2026-04-30 14:12:33 UTC] ✅ Daily check-in — Thursday
[2026-05-01 13:41:30 UTC] ✅ Daily check-in — Friday
[2026-05-02 13:25:35 UTC] ✅ Daily check-in — Saturday
[2026-05-03 13:25:27 UTC] ✅ Daily check-in — Sunday
[2026-05-04 14:18:50 UTC] ✅ Daily check-in — Monday
[2026-05-05 14:11:36 UTC] ✅ Daily check-in — Tuesday
[2026-05-06 14:30:40 UTC] ✅ Daily check-in — Wednesday
[2026-05-07 14:31:57 UTC] ✅ Daily check-in — Thursday
[2026-05-08 14:04:17 UTC] ✅ Daily check-in — Friday
[2026-05-09 13:39:50 UTC] ✅ Daily check-in — Saturday
[2026-05-10 13:42:29 UTC] ✅ Daily check-in — Sunday
[2026-05-11 15:26:38 UTC] ✅ Daily check-in — Monday
[2026-05-12 14:38:25 UTC] ✅ Daily check-in — Tuesday
[2026-05-13 14:48:54 UTC] ✅ Daily check-in — Wednesday
[2026-05-14 14:29:05 UTC] ✅ Daily check-in — Thursday
[2026-05-15 14:22:12 UTC] ✅ Daily check-in — Friday
[2026-05-16 13:46:04 UTC] ✅ Daily check-in — Saturday
[2026-05-17 13:45:21 UTC] ✅ Daily check-in — Sunday
[2026-05-18 15:46:49 UTC] ✅ Daily check-in — Monday
[2026-05-19 15:38:07 UTC] ✅ Daily check-in — Tuesday
[2026-05-20 15:39:28 UTC] ✅ Daily check-in — Wednesday
[2026-05-21 15:41:49 UTC] ✅ Daily check-in — Thursday
[2026-05-22 14:51:20 UTC] ✅ Daily check-in — Friday
[2026-05-23 13:50:53 UTC] ✅ Daily check-in — Saturday
[2026-05-24 13:48:05 UTC] ✅ Daily check-in — Sunday
[2026-05-25 15:20:13 UTC] ✅ Daily check-in — Monday
[2026-05-26 15:55:47 UTC] ✅ Daily check-in — Tuesday
[2026-05-27 16:00:04 UTC] ✅ Daily check-in — Wednesday
[2026-05-28 16:14:15 UTC] ✅ Daily check-in — Thursday
[2026-05-29 15:57:16 UTC] ✅ Daily check-in — Friday
[2026-05-30 13:53:52 UTC] ✅ Daily check-in — Saturday
[2026-05-31 13:59:01 UTC] ✅ Daily check-in — Sunday
[2026-06-01 17:53:50 UTC] ✅ Daily check-in — Monday
[2026-06-02 16:45:12 UTC] ✅ Daily check-in — Tuesday
[2026-06-03 17:01:35 UTC] ✅ Daily check-in — Wednesday
[2026-06-04 15:30:19 UTC] ✅ Daily check-in — Thursday
[2026-06-05 15:17:07 UTC] ✅ Daily check-in — Friday
[2026-06-06 13:57:19 UTC] ✅ Daily check-in — Saturday
[2026-06-07 14:07:48 UTC] ✅ Daily check-in — Sunday
[2026-06-08 16:05:58 UTC] ✅ Daily check-in — Monday
[2026-06-09 15:18:27 UTC] ✅ Daily check-in — Tuesday
[2026-06-10 15:52:54 UTC] ✅ Daily check-in — Wednesday
[2026-06-11 16:13:32 UTC] ✅ Daily check-in — Thursday
[2026-06-12 15:29:32 UTC] ✅ Daily check-in — Friday
[2026-06-13 14:14:15 UTC] ✅ Daily check-in — Saturday
[2026-06-14 14:18:09 UTC] ✅ Daily check-in — Sunday
[2026-06-15 17:22:26 UTC] ✅ Daily check-in — Monday
[2026-06-16 17:07:32 UTC] ✅ Daily check-in — Tuesday
[2026-06-17 15:51:53 UTC] ✅ Daily check-in — Wednesday
[2026-06-18 15:39:50 UTC] ✅ Daily check-in — Thursday
[2026-06-19 15:33:07 UTC] ✅ Daily check-in — Friday
[2026-06-20 14:18:09 UTC] ✅ Daily check-in — Saturday
[2026-06-21 14:23:55 UTC] ✅ Daily check-in — Sunday
[2026-06-22 17:06:24 UTC] ✅ Daily check-in — Monday
[2026-06-23 15:14:35 UTC] ✅ Daily check-in — Tuesday
[2026-06-24 14:44:44 UTC] ✅ Daily check-in — Wednesday
[2026-06-26 14:36:57 UTC] ✅ Daily check-in — Friday
[2026-06-27 13:56:11 UTC] ✅ Daily check-in — Saturday
[2026-06-28 14:02:25 UTC] ✅ Daily check-in — Sunday
[2026-06-29 15:57:57 UTC] ✅ Daily check-in — Monday
[2026-06-30 14:31:43 UTC] ✅ Daily check-in — Tuesday
[2026-07-01 14:49:09 UTC] ✅ Daily check-in — Wednesday
[2026-07-02 14:17:53 UTC] ✅ Daily check-in — Thursday
[2026-07-03 14:22:33 UTC] ✅ Daily check-in — Friday
[2026-07-04 13:47:23 UTC] ✅ Daily check-in — Saturday
[2026-07-05 13:53:21 UTC] ✅ Daily check-in — Sunday
[2026-07-06 15:47:15 UTC] ✅ Daily check-in — Monday
[2026-07-07 14:50:51 UTC] ✅ Daily check-in — Tuesday
[2026-07-08 14:28:46 UTC] ✅ Daily check-in — Wednesday
[2026-07-09 15:23:39 UTC] ✅ Daily check-in — Thursday
[2026-07-10 14:41:17 UTC] ✅ Daily check-in — Friday
[2026-07-11 13:39:55 UTC] ✅ Daily check-in — Saturday
[2026-07-12 13:40:42 UTC] ✅ Daily check-in — Sunday
[2026-07-13 14:48:37 UTC] ✅ Daily check-in — Monday
[2026-07-14 13:58:41 UTC] ✅ Daily check-in — Tuesday
[2026-07-15 13:55:11 UTC] ✅ Daily check-in — Wednesday
[2026-07-16 14:07:16 UTC] ✅ Daily check-in — Thursday
[2026-07-17 13:51:04 UTC] ✅ Daily check-in — Friday
[2026-07-18 13:34:45 UTC] ✅ Daily check-in — Saturday
[2026-07-19 13:37:25 UTC] ✅ Daily check-in — Sunday
[2026-07-20 14:20:44 UTC] ✅ Daily check-in — Monday
